******************************************************************************
            TI ARM Clang Linker PC v4.0.4                      
******************************************************************************
>> Linked Wed Apr 22 09:33:10 2026

OUTPUT FILE NAME:   <empty.out>
ENTRY POINT SYMBOL: "_c_int00_noargs"  address: 0000447d


MEMORY CONFIGURATION

         name            origin    length      used     unused   attr    fill
----------------------  --------  ---------  --------  --------  ----  --------
  FLASH                 00000000   00020000  00007d10  000182f0  R  X
  SRAM                  20200000   00008000  0000039d  00007c63  RW X
  BCR_CONFIG            41c00000   000000ff  00000000  000000ff  R   
  BSL_CONFIG            41c00100   00000080  00000000  00000080  R   


SEGMENT ALLOCATION MAP

run origin  load origin   length   init length attrs members
----------  ----------- ---------- ----------- ----- -------
00000000    00000000    00007d10   00007d10    r-x
  00000000    00000000    000000c0   000000c0    r-- .intvecs
  000000c0    000000c0    00004680   00004680    r-x .text
  00004740    00004740    000035a0   000035a0    r-- .rodata
  00007ce0    00007ce0    00000030   00000030    r-- .cinit
20200000    20200000    0000019f   00000000    rw-
  20200000    20200000    00000196   00000000    rw- .bss
  20200198    20200198    00000007   00000000    rw- .data
20207e00    20207e00    00000200   00000000    rw-
  20207e00    20207e00    00000200   00000000    rw- .stack


SECTION ALLOCATION MAP

 output                                  attributes/
section   page    origin      length       input sections
--------  ----  ----------  ----------   ----------------
.intvecs   0    00000000    000000c0     
                  00000000    000000c0     startup_mspm0g350x_ticlang.o (.intvecs)

.text      0    000000c0    00004680     
                  000000c0    00001072     lcd_init.o (.text.LCD_Init)
                  00001132    00000002     startup_mspm0g350x_ticlang.o (.text.Default_Handler)
                  00001134    000009d0     libc.a : _printfi.c.obj (.text:__TI_printfi)
                  00001b04    00000400     lcd.o (.text.LCD_ShowChar)
                  00001f04    000002c0     lcd.o (.text.LCD_Fill)
                  000021c4    00000234     lcd_init.o (.text.LCD_Address_Set)
                  000023f8    00000220     libc.a : _printfi.c.obj (.text._pconv_a)
                  00002618    00000220     empty.o (.text.main)
                  00002838    000001dc     libc.a : _printfi.c.obj (.text._pconv_g)
                  00002a14    00000192     libclang_rt.builtins.a : adddf3.S.obj (.text.adddf3_subdf3)
                  00002ba6    00000002                            : aeabi_div0.c.obj (.text.__aeabi_idiv0)
                  00002ba8    0000013c     libc.a : _printfi.c.obj (.text.fcvt)
                  00002ce4    00000134     lcd.o (.text.LCD_ShowFloatNum1)
                  00002e18    00000120     libc.a : _printfi.c.obj (.text._pconv_e)
                  00002f38    0000010c     libclang_rt.builtins.a : divdf3.S.obj (.text.__divdf3)
                  00003044    0000010a     lcd.o (.text.LCD_ShowIntNum)
                  0000314e    00000002     libclang_rt.builtins.a : aeabi_div0.c.obj (.text.__aeabi_ldiv0)
                  00003150    00000104     driverlib.a : dl_timer.o (.text.DL_Timer_initFourCCPWMMode)
                  00003254    000000fc                 : dl_timer.o (.text.DL_Timer_initTimerMode)
                  00003350    000000e4     libclang_rt.builtins.a : muldf3.S.obj (.text.__muldf3)
                  00003434    000000d8     libc.a : s_scalbn.c.obj (.text.scalbn)
                  0000350c    000000a2     libclang_rt.builtins.a : udivmoddi4.S.obj (.text)
                  000035ae    00000002     --HOLE-- [fill = 0]
                  000035b0    000000a0     ti_msp_dl_config.o (.text.SYSCFG_DL_GPIO_init)
                  00003650    0000009a     libc.a : memcpy16.S.obj (.text:memcpy)
                  000036ea    00000002     --HOLE-- [fill = 0]
                  000036ec    0000008c     libclang_rt.builtins.a : mulsf3.S.obj (.text.__mulsf3)
                  00003778    00000082                            : divsf3.S.obj (.text.__divsf3)
                  000037fa    00000002     --HOLE-- [fill = 0]
                  000037fc    0000007c     libc.a : copy_decompress_lzss.c.obj (.text:decompress:lzss)
                  00003878    00000074     libclang_rt.builtins.a : comparedf2.c.obj (.text.__gedf2)
                  000038ec    00000004     libsysbm.a : hostexit.c.obj (.text.HOSTexit)
                  000038f0    00000074     libclang_rt.builtins.a : truncdfsf2.S.obj (.text.__truncdfsf2)
                  00003964    00000070     lcd_init.o (.text.LCD_WR_DATA)
                  000039d4    00000070     ti_msp_dl_config.o (.text.SYSCFG_DL_initPower)
                  00003a44    00000068     ti_msp_dl_config.o (.text.SYSCFG_DL_PWM_MOTOR_init)
                  00003aac    00000068     libclang_rt.builtins.a : comparedf2.c.obj (.text.__ledf2)
                  00003b14    00000068     board.o (.text.lc_printf)
                  00003b7c    00000066     libc.a : _printfi.c.obj (.text._mcpy)
                  00003be2    00000002     --HOLE-- [fill = 0]
                  00003be4    00000062     libclang_rt.builtins.a : aeabi_dcmp.S.obj (.text.__aeabi_dcmp)
                  00003c46    00000062     libc.a : memset16.S.obj (.text:memset)
                  00003ca8    00000060     ti_msp_dl_config.o (.text.SYSCFG_DL_UART_0_init)
                  00003d08    0000005c     ti_msp_dl_config.o (.text.SYSCFG_DL_QEI_0_init)
                  00003d64    0000005c     libc.a : s_frexp.c.obj (.text.frexp)
                  00003dc0    00000058            : _ltoa.c.obj (.text.__TI_ltoa)
                  00003e18    00000058            : _printfi.c.obj (.text._pconv_f)
                  00003e70    00000056     libclang_rt.builtins.a : aeabi_idivmod.S.obj (.text.__aeabi_idivmod)
                  00003ec6    00000052     libc.a : _printfi.c.obj (.text._ecpy)
                  00003f18    00000050     ti_msp_dl_config.o (.text.SYSCFG_DL_ADC_voltage_init)
                  00003f68    0000004c     ti_msp_dl_config.o (.text.SYSCFG_DL_SPI_LCD_init)
                  00003fb4    0000004a     lcd.o (.text.LCD_ShowString)
                  00003ffe    00000002     --HOLE-- [fill = 0]
                  00004000    0000004a     libclang_rt.builtins.a : fixdfsi.S.obj (.text.__fixdfsi)
                  0000404a    00000002     --HOLE-- [fill = 0]
                  0000404c    00000048     driverlib.a : dl_uart.o (.text.DL_UART_init)
                  00004094    00000048     ti_msp_dl_config.o (.text.SYSCFG_DL_init)
                  000040dc    00000044     driverlib.a : dl_spi.o (.text.DL_SPI_init)
                  00004120    00000040                 : dl_adc12.o (.text.DL_ADC12_setClockConfig)
                  00004160    00000040     tb6612.o (.text.MOTOR_Control)
                  000041a0    00000040     ti_msp_dl_config.o (.text.SYSCFG_DL_SYSCTL_init)
                  000041e0    00000040     libclang_rt.builtins.a : aeabi_uidivmod.S.obj (.text.__aeabi_uidivmod)
                  00004220    00000040     libc.a : atoi.c.obj (.text.atoi)
                  00004260    00000040            : vsnprintf.c.obj (.text.vsnprintf)
                  000042a0    0000003c     ti_msp_dl_config.o (.text.SYSCFG_DL_TIMER_0_init)
                  000042dc    0000003c     libclang_rt.builtins.a : floatsisf.S.obj (.text.__floatsisf)
                  00004318    0000003c     libc.a : autoinit.c.obj (.text:__TI_auto_init_nobinit_nopinit)
                  00004354    0000003a     libclang_rt.builtins.a : muldsi3.S.obj (.text.__muldsi3)
                  0000438e    00000002     --HOLE-- [fill = 0]
                  00004390    00000038                            : fixsfsi.S.obj (.text.__fixsfsi)
                  000043c8    00000030     libc.a : _printfi.c.obj (.text._fcpy)
                  000043f8    00000030            : vsnprintf.c.obj (.text._outs)
                  00004428    0000002c     libclang_rt.builtins.a : floatsidf.S.obj (.text.__floatsidf)
                  00004454    00000028                            : floatunsisf.S.obj (.text.__floatunsisf)
                  0000447c    00000028     libc.a : boot_cortex_m.c.obj (.text:_c_int00_noargs)
                  000044a4    00000024     empty.o (.text.TIMG8_IRQHandler)
                  000044c8    00000024     libclang_rt.builtins.a : floatunsidf.S.obj (.text.__floatunsidf)
                  000044ec    00000024                            : muldi3.S.obj (.text.__muldi3)
                  00004510    00000022     libc.a : memccpy.c.obj (.text.memccpy)
                  00004532    00000002     --HOLE-- [fill = 0]
                  00004534    00000020     empty.o (.text.TIMA0_IRQHandler)
                  00004554    0000001e     libclang_rt.builtins.a : ashldi3.S.obj (.text.__ashldi3)
                  00004572    00000002     --HOLE-- [fill = 0]
                  00004574    0000001c     empty.o (.text.ADC1_IRQHandler)
                  00004590    0000001c     driverlib.a : dl_timer.o (.text.DL_Timer_setCaptCompUpdateMethod)
                  000045ac    0000001c                 : dl_timer.o (.text.DL_Timer_setClockConfig)
                  000045c8    00000018                 : dl_timer.o (.text.DL_Timer_setCaptureCompareOutCtl)
                  000045e0    00000018     libc.a : vsnprintf.c.obj (.text._outc)
                  000045f8    00000016            : copy_zero_init.c.obj (.text:decompress:ZI:__TI_zero_init_nomemset)
                  0000460e    00000002     --HOLE-- [fill = 0]
                  00004610    00000014     tb6612.o (.text.MOTOR_STOP)
                  00004624    00000014     libclang_rt.builtins.a : aeabi_uldivmod.S.obj (.text.__aeabi_uldivmod)
                  00004638    00000014     libc.a : _printfi.c.obj (.text.strchr)
                  0000464c    00000012     driverlib.a : dl_spi.o (.text.DL_SPI_setClockConfig)
                  0000465e    00000012                 : dl_uart.o (.text.DL_UART_setClockConfig)
                  00004670    00000012     libc.a : copy_decompress_none.c.obj (.text:decompress:none)
                  00004682    00000002     --HOLE-- [fill = 0]
                  00004684    00000010     driverlib.a : dl_timer.o (.text.DL_Timer_setCaptureCompareValue)
                  00004694    00000010     libc.a : wcslen.c.obj (.text.wcslen)
                  000046a4    0000000e     libclang_rt.builtins.a : aeabi_memset.S.obj (.text.__aeabi_memset)
                  000046b2    0000000e     board.o (.text.delay_ms)
                  000046c0    0000000e     libc.a : _printfi.c.obj (.text.strlen)
                  000046ce    00000002     --HOLE-- [fill = 0]
                  000046d0    0000000c     empty.o (.text.GROUP1_IRQHandler)
                  000046dc    0000000c     libclang_rt.builtins.a : aeabi_memset.S.obj (.text.__aeabi_memclr)
                  000046e8    0000000a     driverlib.a : dl_common.o (.text.DL_Common_delayCycles)
                  000046f2    0000000a     libc.a : _printfi.c.obj (.text.OUTLINED_FUNCTION_0)
                  000046fc    00000010     libclang_rt.builtins.a : adddf3.S.obj (.tramp.__aeabi_dsub.1)
                  0000470c    0000000a     libc.a : _printfi.c.obj (.text.OUTLINED_FUNCTION_1)
                  00004716    00000002     --HOLE-- [fill = 0]
                  00004718    00000008            : aeabi_portable.c.obj (.text.__aeabi_errno_addr)
                  00004720    00000008     libclang_rt.builtins.a : aeabi_memcpy.S.obj (.text.__aeabi_memcpy)
                  00004728    00000006     libc.a : exit.c.obj (.text:abort)
                  0000472e    00000004     startup_mspm0g350x_ticlang.o (.text.Reset_Handler)
                  00004732    00000004     libc.a : pre_init.c.obj (.text._system_pre_init)
                  00004736    0000000a     --HOLE-- [fill = 0]

.cinit     0    00007ce0    00000030     
                  00007ce0    0000000c     (__TI_handler_table)
                  00007cec    00000008     (.cinit..bss.load) [load image, compression = zero_init]
                  00007cf4    00000008     (.cinit..data.load) [load image, compression = lzss]
                  00007cfc    00000010     (__TI_cinit_table)
                  00007d0c    00000004     --HOLE-- [fill = 0]

.rodata    0    00004740    000035a0     
                  00004740    000017c0     lcd.o (.rodata.ascii_3216)
                  00005f00    000011d0     lcd.o (.rodata.ascii_2412)
                  000070d0    000005f0     lcd.o (.rodata.ascii_1608)
                  000076c0    00000474     lcd.o (.rodata.ascii_1206)
                  00007b34    0000000a     ti_msp_dl_config.o (.rodata.gSPI_LCD_config)
                  00007b3e    00000002     ti_msp_dl_config.o (.rodata.gSPI_LCD_clockConfig)
                  00007b40    00000101     libc.a : aeabi_ctype.S.obj (.rodata:__aeabi_ctype_table_)
                  00007c41    00000015     tb6612.o (.rodata.str1.9247662849726608443.1)
                  00007c56    00000002     ti_msp_dl_config.o (.rodata.gUART_0ClockConfig)
                  00007c58    00000014     ti_msp_dl_config.o (.rodata.gTIMER_0TimerConfig)
                  00007c6c    00000011     libc.a : _printfi.c.obj (.rodata.str1.10348868589481759720.1)
                  00007c7d    00000011            : _printfi.c.obj (.rodata.str1.15363888844622738466.1)
                  00007c8e    0000000a     ti_msp_dl_config.o (.rodata.gUART_0Config)
                  00007c98    00000008     ti_msp_dl_config.o (.rodata.gADC_voltageClockConfig)
                  00007ca0    00000008     ti_msp_dl_config.o (.rodata.gPWM_MOTORConfig)
                  00007ca8    00000007     empty.o (.rodata.str1.14685083708502177989.1)
                  00007caf    00000007     empty.o (.rodata.str1.254342170260855183.1)
                  00007cb6    00000007     empty.o (.rodata.str1.9517790425240694019.1)
                  00007cbd    00000006     empty.o (.rodata.str1.17669528882079347314.1)
                  00007cc3    00000005     empty.o (.rodata.str1.11898133897667081452.1)
                  00007cc8    00000003     ti_msp_dl_config.o (.rodata.gPWM_MOTORClockConfig)
                  00007ccb    00000003     ti_msp_dl_config.o (.rodata.gQEI_0ClockConfig)
                  00007cce    00000003     ti_msp_dl_config.o (.rodata.gTIMER_0ClockConfig)
                  00007cd1    00000003     empty.o (.rodata.str1.7401042497206923953.1)
                  00007cd4    0000000c     --HOLE-- [fill = 0]

.init_array 
*          0    00000000    00000000     UNINITIALIZED

.binit     0    00000000    00000000     

.bss       0    20200000    00000196     UNINITIALIZED
                  20200000    000000bc     (.common:gTIMER_0Backup)
                  202000bc    000000a0     (.common:gQEI_0Backup)
                  2020015c    00000028     (.common:gSPI_LCDBackup)
                  20200184    00000004     (.common:analog_voltage)
                  20200188    00000004     (.common:angle)
                  2020018c    00000004     (.common:n_speed)
                  20200190    00000002     (.common:digital_voltage)
                  20200192    00000002     (.common:get_digital)
                  20200194    00000002     (.common:pulse)

.data      0    20200198    00000007     UNINITIALIZED
                  20200198    00000004     libc.a : aeabi_portable.c.obj (.data.__aeabi_errno)
                  2020019c    00000001     empty.o (.data.ADC_flag)
                  2020019d    00000001     empty.o (.data.motor_direction)
                  2020019e    00000001     empty.o (.data.motor_flag)

.stack     0    20207e00    00000200     UNINITIALIZED
                  20207e00    00000004     libc.a : boot_cortex_m.c.obj (.stack)
                  20207e04    000001fc     --HOLE--

__llvm_prf_cnts 
*          0    20200000    00000000     UNINITIALIZED

__llvm_prf_bits 
*          0    20200000    00000000     UNINITIALIZED

MODULE SUMMARY

       Module                         code    ro data   rw data
       ------                         ----    -------   -------
    .\
       ti_msp_dl_config.o             916     69        388    
       empty.o                        652     35        21     
       startup_mspm0g350x_ticlang.o   6       192       0      
    +--+------------------------------+-------+---------+---------+
       Total:                         1574    296       409    
                                                               
    .\Board\
       board.o                        118     0         0      
    +--+------------------------------+-------+---------+---------+
       Total:                         118     0         0      
                                                               
    .\LCD_init\
       lcd.o                          2376    13300     0      
       lcd_init.o                     4886    0         0      
    +--+------------------------------+-------+---------+---------+
       Total:                         7262    13300     0      
                                                               
    .\TB6612\
       tb6612.o                       84      21        0      
    +--+------------------------------+-------+---------+---------+
       Total:                         84      21        0      
                                                               
    D:/ti/mspm0_sdk_2_10_00_04/source/ti/driverlib/lib/ticlang/m0p/mspm0g1x0x_g3x0x/driverlib.a
       dl_timer.o                     608     0         0      
       dl_uart.o                      90      0         0      
       dl_spi.o                       86      0         0      
       dl_adc12.o                     64      0         0      
       dl_common.o                    10      0         0      
    +--+------------------------------+-------+---------+---------+
       Total:                         858     0         0      
                                                               
    D:\ti\ccs2050\ccs\tools\compiler\ti-cgt-armllvm_4.0.4.LTS\lib\armv6m-ti-none-eabi/c/libc.a
       _printfi.c.obj                 4510    34        0      
       aeabi_ctype.S.obj              0       257       0      
       s_scalbn.c.obj                 216     0         0      
       memcpy16.S.obj                 154     0         0      
       vsnprintf.c.obj                136     0         0      
       copy_decompress_lzss.c.obj     124     0         0      
       memset16.S.obj                 98      0         0      
       s_frexp.c.obj                  92      0         0      
       _ltoa.c.obj                    88      0         0      
       atoi.c.obj                     64      0         0      
       autoinit.c.obj                 60      0         0      
       boot_cortex_m.c.obj            40      0         0      
       memccpy.c.obj                  34      0         0      
       copy_zero_init.c.obj           22      0         0      
       copy_decompress_none.c.obj     18      0         0      
       wcslen.c.obj                   16      0         0      
       aeabi_portable.c.obj           8       0         4      
       exit.c.obj                     6       0         0      
       pre_init.c.obj                 4       0         0      
    +--+------------------------------+-------+---------+---------+
       Total:                         5690    291       4      
                                                               
    D:\ti\ccs2050\ccs\tools\compiler\ti-cgt-armllvm_4.0.4.LTS\lib\armv6m-ti-none-eabi/c/libsysbm.a
       hostexit.c.obj                 4       0         0      
    +--+------------------------------+-------+---------+---------+
       Total:                         4       0         0      
                                                               
    D:\ti\ccs2050\ccs\tools\compiler\ti-cgt-armllvm_4.0.4.LTS\lib\armv6m-ti-none-eabi/libclang_rt.builtins.a
       adddf3.S.obj                   418     0         0      
       divdf3.S.obj                   268     0         0      
       muldf3.S.obj                   228     0         0      
       comparedf2.c.obj               220     0         0      
       udivmoddi4.S.obj               162     0         0      
       mulsf3.S.obj                   140     0         0      
       divsf3.S.obj                   130     0         0      
       truncdfsf2.S.obj               116     0         0      
       aeabi_dcmp.S.obj               98      0         0      
       aeabi_idivmod.S.obj            86      0         0      
       fixdfsi.S.obj                  74      0         0      
       aeabi_uidivmod.S.obj           64      0         0      
       floatsisf.S.obj                60      0         0      
       muldsi3.S.obj                  58      0         0      
       fixsfsi.S.obj                  56      0         0      
       floatsidf.S.obj                44      0         0      
       floatunsisf.S.obj              40      0         0      
       floatunsidf.S.obj              36      0         0      
       muldi3.S.obj                   36      0         0      
       ashldi3.S.obj                  30      0         0      
       aeabi_memset.S.obj             26      0         0      
       aeabi_uldivmod.S.obj           20      0         0      
       aeabi_memcpy.S.obj             8       0         0      
       aeabi_div0.c.obj               4       0         0      
    +--+------------------------------+-------+---------+---------+
       Total:                         2422    0         0      
                                                               
       Stack:                         0       0         512    
       Linker Generated:              0       44        0      
    +--+------------------------------+-------+---------+---------+
       Grand Total:                   18012   13952     925    


LINKER GENERATED COPY TABLES

__TI_cinit_table @ 00007cfc records: 2, size/record: 8, table size: 16
	.bss: load addr=00007cec, load size=00000008 bytes, run addr=20200000, run size=00000196 bytes, compression=zero_init
	.data: load addr=00007cf4, load size=00000008 bytes, run addr=20200198, run size=00000007 bytes, compression=lzss


LINKER GENERATED HANDLER TABLE

__TI_handler_table @ 00007ce0 records: 3, size/record: 4, table size: 12
	index: 0, handler: __TI_decompress_lzss
	index: 1, handler: __TI_decompress_none
	index: 2, handler: __TI_zero_init


FAR CALL TRAMPOLINES

callee name               trampoline name
   callee addr  tramp addr   call addr  call info
--------------  -----------  ---------  ----------------
__aeabi_dsub              $Tramp$TT$L$PI$$__aeabi_dsub
   00002a15     000046fc     000046fa   libc.a : _printfi.c.obj (.text.OUTLINED_FUNCTION_0)

[1 trampolines]
[1 trampoline calls]


GLOBAL SYMBOLS: SORTED ALPHABETICALLY BY Name 

address   name                            
-------   ----                            
00001133  ADC0_IRQHandler                 
00004575  ADC1_IRQHandler                 
2020019c  ADC_flag                        
00001133  AES_IRQHandler                  
000038ec  C$$EXIT                         
00001133  CANFD0_IRQHandler               
00001133  DAC0_IRQHandler                 
00004121  DL_ADC12_setClockConfig         
000046e9  DL_Common_delayCycles           
000040dd  DL_SPI_init                     
0000464d  DL_SPI_setClockConfig           
00003151  DL_Timer_initFourCCPWMMode      
00003255  DL_Timer_initTimerMode          
00004591  DL_Timer_setCaptCompUpdateMethod
000045c9  DL_Timer_setCaptureCompareOutCtl
00004685  DL_Timer_setCaptureCompareValue 
000045ad  DL_Timer_setClockConfig         
0000404d  DL_UART_init                    
0000465f  DL_UART_setClockConfig          
00001133  DMA_IRQHandler                  
00001133  Default_Handler                 
00001133  GROUP0_IRQHandler               
000046d1  GROUP1_IRQHandler               
000038ed  HOSTexit                        
00001133  HardFault_Handler               
00001133  I2C0_IRQHandler                 
00001133  I2C1_IRQHandler                 
000021c5  LCD_Address_Set                 
00001f05  LCD_Fill                        
000000c1  LCD_Init                        
00001b05  LCD_ShowChar                    
00002ce5  LCD_ShowFloatNum1               
00003045  LCD_ShowIntNum                  
00003fb5  LCD_ShowString                  
00003965  LCD_WR_DATA                     
00004161  MOTOR_Control                   
00004611  MOTOR_STOP                      
00001133  NMI_Handler                     
00001133  PendSV_Handler                  
00001133  RTC_IRQHandler                  
0000472f  Reset_Handler                   
00001133  SPI0_IRQHandler                 
00001133  SPI1_IRQHandler                 
00001133  SVC_Handler                     
00003f19  SYSCFG_DL_ADC_voltage_init      
000035b1  SYSCFG_DL_GPIO_init             
00003a45  SYSCFG_DL_PWM_MOTOR_init        
00003d09  SYSCFG_DL_QEI_0_init            
00003f69  SYSCFG_DL_SPI_LCD_init          
000041a1  SYSCFG_DL_SYSCTL_init           
000042a1  SYSCFG_DL_TIMER_0_init          
00003ca9  SYSCFG_DL_UART_0_init           
00004095  SYSCFG_DL_init                  
000039d5  SYSCFG_DL_initPower             
00001133  SysTick_Handler                 
00004535  TIMA0_IRQHandler                
00001133  TIMA1_IRQHandler                
00001133  TIMG0_IRQHandler                
00001133  TIMG12_IRQHandler               
00001133  TIMG6_IRQHandler                
00001133  TIMG7_IRQHandler                
000044a5  TIMG8_IRQHandler                
00001133  UART0_IRQHandler                
00001133  UART1_IRQHandler                
00001133  UART2_IRQHandler                
00001133  UART3_IRQHandler                
20208000  __STACK_END                     
00000200  __STACK_SIZE                    
00000000  __TI_ATRegion0_region_sz        
00000000  __TI_ATRegion0_src_addr         
00000000  __TI_ATRegion0_trg_addr         
00000000  __TI_ATRegion1_region_sz        
00000000  __TI_ATRegion1_src_addr         
00000000  __TI_ATRegion1_trg_addr         
00000000  __TI_ATRegion2_region_sz        
00000000  __TI_ATRegion2_src_addr         
00000000  __TI_ATRegion2_trg_addr         
00007cfc  __TI_CINIT_Base                 
00007d0c  __TI_CINIT_Limit                
00007d0c  __TI_CINIT_Warm                 
00007ce0  __TI_Handler_Table_Base         
00007cec  __TI_Handler_Table_Limit        
00004319  __TI_auto_init_nobinit_nopinit  
000037fd  __TI_decompress_lzss            
00004671  __TI_decompress_none            
00003dc1  __TI_ltoa                       
ffffffff  __TI_pprof_out_hndl             
00001135  __TI_printfi                    
ffffffff  __TI_prof_data_size             
ffffffff  __TI_prof_data_start            
00000000  __TI_static_base__              
000045f9  __TI_zero_init_nomemset         
00002a1f  __adddf3                        
00007b40  __aeabi_ctype_table_            
00007b40  __aeabi_ctype_table_C           
000038f1  __aeabi_d2f                     
00004001  __aeabi_d2iz                    
00002a1f  __aeabi_dadd                    
00003be5  __aeabi_dcmpeq                  
00003c21  __aeabi_dcmpge                  
00003c35  __aeabi_dcmpgt                  
00003c0d  __aeabi_dcmple                  
00003bf9  __aeabi_dcmplt                  
00002f39  __aeabi_ddiv                    
00003351  __aeabi_dmul                    
00002a15  __aeabi_dsub                    
20200198  __aeabi_errno                   
00004719  __aeabi_errno_addr              
00004391  __aeabi_f2iz                    
00003779  __aeabi_fdiv                    
000036ed  __aeabi_fmul                    
00004429  __aeabi_i2d                     
000042dd  __aeabi_i2f                     
00003e71  __aeabi_idiv                    
00002ba7  __aeabi_idiv0                   
00003e71  __aeabi_idivmod                 
0000314f  __aeabi_ldiv0                   
00004555  __aeabi_llsl                    
000044ed  __aeabi_lmul                    
000046dd  __aeabi_memclr                  
000046dd  __aeabi_memclr4                 
000046dd  __aeabi_memclr8                 
00004721  __aeabi_memcpy                  
00004721  __aeabi_memcpy4                 
00004721  __aeabi_memcpy8                 
000046a5  __aeabi_memset                  
000046a5  __aeabi_memset4                 
000046a5  __aeabi_memset8                 
000044c9  __aeabi_ui2d                    
00004455  __aeabi_ui2f                    
000041e1  __aeabi_uidiv                   
000041e1  __aeabi_uidivmod                
00004625  __aeabi_uldivmod                
00004555  __ashldi3                       
ffffffff  __binit__                       
00003aad  __cmpdf2                        
00002f39  __divdf3                        
00003779  __divsf3                        
00003aad  __eqdf2                         
00004001  __fixdfsi                       
00004391  __fixsfsi                       
00004429  __floatsidf                     
000042dd  __floatsisf                     
000044c9  __floatunsidf                   
00004455  __floatunsisf                   
00003879  __gedf2                         
00003879  __gtdf2                         
00003aad  __ledf2                         
00003aad  __ltdf2                         
UNDEFED   __mpu_init                      
00003351  __muldf3                        
000044ed  __muldi3                        
00004355  __muldsi3                       
000036ed  __mulsf3                        
00003aad  __nedf2                         
20207e00  __stack                         
20200000  __start___llvm_prf_bits         
20200000  __start___llvm_prf_cnts         
20200000  __stop___llvm_prf_bits          
20200000  __stop___llvm_prf_cnts          
00002a15  __subdf3                        
000038f1  __truncdfsf2                    
0000350d  __udivmoddi4                    
0000447d  _c_int00_noargs                 
UNDEFED   _system_post_cinit              
00004733  _system_pre_init                
00004729  abort                           
20200184  analog_voltage                  
20200188  angle                           
000076c0  ascii_1206                      
000070d0  ascii_1608                      
00005f00  ascii_2412                      
00004740  ascii_3216                      
00004221  atoi                            
ffffffff  binit                           
000046b3  delay_ms                        
20200190  digital_voltage                 
00003d65  frexp                           
00003d65  frexpl                          
202000bc  gQEI_0Backup                    
2020015c  gSPI_LCDBackup                  
20200000  gTIMER_0Backup                  
20200192  get_digital                     
00000000  interruptVectors                
00003b15  lc_printf                       
00003435  ldexp                           
00003435  ldexpl                          
00002619  main                            
00004511  memccpy                         
00003651  memcpy                          
00003c47  memset                          
2020019d  motor_direction                 
2020019e  motor_flag                      
2020018c  n_speed                         
20200194  pulse                           
00003435  scalbn                          
00003435  scalbnl                         
00004261  vsnprintf                       
00004695  wcslen                          


GLOBAL SYMBOLS: SORTED BY Symbol Address 

address   name                            
-------   ----                            
00000000  __TI_ATRegion0_region_sz        
00000000  __TI_ATRegion0_src_addr         
00000000  __TI_ATRegion0_trg_addr         
00000000  __TI_ATRegion1_region_sz        
00000000  __TI_ATRegion1_src_addr         
00000000  __TI_ATRegion1_trg_addr         
00000000  __TI_ATRegion2_region_sz        
00000000  __TI_ATRegion2_src_addr         
00000000  __TI_ATRegion2_trg_addr         
00000000  __TI_static_base__              
00000000  interruptVectors                
000000c1  LCD_Init                        
00000200  __STACK_SIZE                    
00001133  ADC0_IRQHandler                 
00001133  AES_IRQHandler                  
00001133  CANFD0_IRQHandler               
00001133  DAC0_IRQHandler                 
00001133  DMA_IRQHandler                  
00001133  Default_Handler                 
00001133  GROUP0_IRQHandler               
00001133  HardFault_Handler               
00001133  I2C0_IRQHandler                 
00001133  I2C1_IRQHandler                 
00001133  NMI_Handler                     
00001133  PendSV_Handler                  
00001133  RTC_IRQHandler                  
00001133  SPI0_IRQHandler                 
00001133  SPI1_IRQHandler                 
00001133  SVC_Handler                     
00001133  SysTick_Handler                 
00001133  TIMA1_IRQHandler                
00001133  TIMG0_IRQHandler                
00001133  TIMG12_IRQHandler               
00001133  TIMG6_IRQHandler                
00001133  TIMG7_IRQHandler                
00001133  UART0_IRQHandler                
00001133  UART1_IRQHandler                
00001133  UART2_IRQHandler                
00001133  UART3_IRQHandler                
00001135  __TI_printfi                    
00001b05  LCD_ShowChar                    
00001f05  LCD_Fill                        
000021c5  LCD_Address_Set                 
00002619  main                            
00002a15  __aeabi_dsub                    
00002a15  __subdf3                        
00002a1f  __adddf3                        
00002a1f  __aeabi_dadd                    
00002ba7  __aeabi_idiv0                   
00002ce5  LCD_ShowFloatNum1               
00002f39  __aeabi_ddiv                    
00002f39  __divdf3                        
00003045  LCD_ShowIntNum                  
0000314f  __aeabi_ldiv0                   
00003151  DL_Timer_initFourCCPWMMode      
00003255  DL_Timer_initTimerMode          
00003351  __aeabi_dmul                    
00003351  __muldf3                        
00003435  ldexp                           
00003435  ldexpl                          
00003435  scalbn                          
00003435  scalbnl                         
0000350d  __udivmoddi4                    
000035b1  SYSCFG_DL_GPIO_init             
00003651  memcpy                          
000036ed  __aeabi_fmul                    
000036ed  __mulsf3                        
00003779  __aeabi_fdiv                    
00003779  __divsf3                        
000037fd  __TI_decompress_lzss            
00003879  __gedf2                         
00003879  __gtdf2                         
000038ec  C$$EXIT                         
000038ed  HOSTexit                        
000038f1  __aeabi_d2f                     
000038f1  __truncdfsf2                    
00003965  LCD_WR_DATA                     
000039d5  SYSCFG_DL_initPower             
00003a45  SYSCFG_DL_PWM_MOTOR_init        
00003aad  __cmpdf2                        
00003aad  __eqdf2                         
00003aad  __ledf2                         
00003aad  __ltdf2                         
00003aad  __nedf2                         
00003b15  lc_printf                       
00003be5  __aeabi_dcmpeq                  
00003bf9  __aeabi_dcmplt                  
00003c0d  __aeabi_dcmple                  
00003c21  __aeabi_dcmpge                  
00003c35  __aeabi_dcmpgt                  
00003c47  memset                          
00003ca9  SYSCFG_DL_UART_0_init           
00003d09  SYSCFG_DL_QEI_0_init            
00003d65  frexp                           
00003d65  frexpl                          
00003dc1  __TI_ltoa                       
00003e71  __aeabi_idiv                    
00003e71  __aeabi_idivmod                 
00003f19  SYSCFG_DL_ADC_voltage_init      
00003f69  SYSCFG_DL_SPI_LCD_init          
00003fb5  LCD_ShowString                  
00004001  __aeabi_d2iz                    
00004001  __fixdfsi                       
0000404d  DL_UART_init                    
00004095  SYSCFG_DL_init                  
000040dd  DL_SPI_init                     
00004121  DL_ADC12_setClockConfig         
00004161  MOTOR_Control                   
000041a1  SYSCFG_DL_SYSCTL_init           
000041e1  __aeabi_uidiv                   
000041e1  __aeabi_uidivmod                
00004221  atoi                            
00004261  vsnprintf                       
000042a1  SYSCFG_DL_TIMER_0_init          
000042dd  __aeabi_i2f                     
000042dd  __floatsisf                     
00004319  __TI_auto_init_nobinit_nopinit  
00004355  __muldsi3                       
00004391  __aeabi_f2iz                    
00004391  __fixsfsi                       
00004429  __aeabi_i2d                     
00004429  __floatsidf                     
00004455  __aeabi_ui2f                    
00004455  __floatunsisf                   
0000447d  _c_int00_noargs                 
000044a5  TIMG8_IRQHandler                
000044c9  __aeabi_ui2d                    
000044c9  __floatunsidf                   
000044ed  __aeabi_lmul                    
000044ed  __muldi3                        
00004511  memccpy                         
00004535  TIMA0_IRQHandler                
00004555  __aeabi_llsl                    
00004555  __ashldi3                       
00004575  ADC1_IRQHandler                 
00004591  DL_Timer_setCaptCompUpdateMethod
000045ad  DL_Timer_setClockConfig         
000045c9  DL_Timer_setCaptureCompareOutCtl
000045f9  __TI_zero_init_nomemset         
00004611  MOTOR_STOP                      
00004625  __aeabi_uldivmod                
0000464d  DL_SPI_setClockConfig           
0000465f  DL_UART_setClockConfig          
00004671  __TI_decompress_none            
00004685  DL_Timer_setCaptureCompareValue 
00004695  wcslen                          
000046a5  __aeabi_memset                  
000046a5  __aeabi_memset4                 
000046a5  __aeabi_memset8                 
000046b3  delay_ms                        
000046d1  GROUP1_IRQHandler               
000046dd  __aeabi_memclr                  
000046dd  __aeabi_memclr4                 
000046dd  __aeabi_memclr8                 
000046e9  DL_Common_delayCycles           
00004719  __aeabi_errno_addr              
00004721  __aeabi_memcpy                  
00004721  __aeabi_memcpy4                 
00004721  __aeabi_memcpy8                 
00004729  abort                           
0000472f  Reset_Handler                   
00004733  _system_pre_init                
00004740  ascii_3216                      
00005f00  ascii_2412                      
000070d0  ascii_1608                      
000076c0  ascii_1206                      
00007b40  __aeabi_ctype_table_            
00007b40  __aeabi_ctype_table_C           
00007ce0  __TI_Handler_Table_Base         
00007cec  __TI_Handler_Table_Limit        
00007cfc  __TI_CINIT_Base                 
00007d0c  __TI_CINIT_Limit                
00007d0c  __TI_CINIT_Warm                 
20200000  __start___llvm_prf_bits         
20200000  __start___llvm_prf_cnts         
20200000  __stop___llvm_prf_bits          
20200000  __stop___llvm_prf_cnts          
20200000  gTIMER_0Backup                  
202000bc  gQEI_0Backup                    
2020015c  gSPI_LCDBackup                  
20200184  analog_voltage                  
20200188  angle                           
2020018c  n_speed                         
20200190  digital_voltage                 
20200192  get_digital                     
20200194  pulse                           
20200198  __aeabi_errno                   
2020019c  ADC_flag                        
2020019d  motor_direction                 
2020019e  motor_flag                      
20207e00  __stack                         
20208000  __STACK_END                     
ffffffff  __TI_pprof_out_hndl             
ffffffff  __TI_prof_data_size             
ffffffff  __TI_prof_data_start            
ffffffff  __binit__                       
ffffffff  binit                           
UNDEFED   __mpu_init                      
UNDEFED   _system_post_cinit              

[199 symbols]
